[36mvite v8.0.16 [32mbuilding client environment for production...[36m[39m
[2K
transforming...Γ£ô 120 modules transformed.
node.exe : [31mΓ£ù[39m Build failed in 118ms
At line:1 char:1
+ & "C:\Program Files\nodejs/node.exe" "C:\Program Files\nodejs/node_mo ...
+ ~~~~~~~~~~~~~~~~~~~~~~~~~~~~~~~~~~~~~~~~~~~~~~~~~~~~~~~~~~~~~~~~~~~~~
    + CategoryInfo          : NotSpecified: ([31mΓ£ù[39m Build failed in 118ms:String) [], RemoteException
    + FullyQualifiedErrorId : NativeCommandError
 
[31merror during build:
[31mBuild failed with 72 errors:

[31m[builtin:vite-transform] [0mUnterminated string
     [38;5;246mΓò¡[0m[38;5;246mΓöÇ[0m[38;5;246m[[0m backup_php/aboutus.tsx:826:84 [38;5;246m][0m
     [38;5;246mΓöé[0m
 [38;5;246m826 Γöé[0m [38;5;249m [0m[38;5;249m [0m[38;5;249m [0m[38;5;249m [0m[38;5;249m [0m[38;5;249m 
[0m[38;5;249m [0m[38;5;249m [0m[38;5;249m [0m[38;5;249m [0m[38;5;249m [0m[38;5;249m [0m[38;5;249m 
[0m[38;5;249m [0m[38;5;249m [0m[38;5;249m [0m[38;5;249m [0m[38;5;249m [0m[38;5;249m [0m[38;5;249m 
[0m[38;5;249m [0m[38;5;249m [0m[38;5;249m [0m[38;5;249m [0m[38;5;249m [0m[38;5;249m [0m[38;5;249m 
[0m[38;5;249m [0m[38;5;249m<[0m[38;5;249md[0m[38;5;249mi[0m[38;5;249mv[0m[38;5;249m [0m[38;5;249mc[0m[3
8;5;249ml[0m[38;5;249ma[0m[38;5;249ms[0m[38;5;249ms[0m[38;5;249mN[0m[38;5;249ma[0m[38;5;249mm[0m[38;5;249
me[0m[38;5;249m=[0m[38;5;249m"[0m[38;5;249mt[0m[38;5;249me[0m[38;5;249mx[0m[38;5;249mt[0m[38;5;249m-[0m
[38;5;249mx[0m[38;5;249ms[0m[38;5;249m [0m[38;5;249mu[0m[38;5;249mp[0m[38;5;249mp[0m[38;5;249me[0m[38;5;2
49mr[0m[38;5;249mc[0m[38;5;249ma[0m[38;5;249ms[0m[38;5;249me[0m[38;5;249m [0m[38;5;249mt[0m[38;5;249me[0
m[38;5;249mx[0m[38;5;249mt[0m[38;5;249m-[0m[38;5;249mm[0m[38;5;249mu[0m[38;5;249mt[0m[38;5;249me[0m[38;5
;249md[0m[38;5;249m-[0m[38;5;249mf[0m[38;5;249mo[0m[38;5;249mr[0m[38;5;249me[0m[38;5;249mg[0m[38;5;249mr
[0m[38;5;249mo[0m[38;5;249mu[0m[38;5;249mn[0m[38;5;249md[0m" style={{ fontSize: '0.75rem' }}>{/* PHP code 
removed */}</div>
 [38;5;240m    Γöé[0m                                                                                    ΓöÇΓöÇΓöÇΓöÇ
ΓöÇΓöÇΓöÇΓöÇΓöÇΓöÇΓöÇΓöÇΓöÇΓöÇΓöÇΓöÇΓöÇΓöÇΓöÇΓöÇΓöÇΓöÇΓöÇΓöÇΓöÇΓöÇΓöÇΓöÇΓöÇΓöÇΓöÇΓöÇΓö¼ΓöÇΓöÇΓöÇΓöÇΓöÇΓöÇΓöÇΓöÇΓöÇΓöÇΓö
ÇΓöÇΓöÇΓöÇΓöÇΓöÇΓöÇΓöÇΓöÇΓöÇΓöÇΓöÇΓöÇΓöÇΓöÇΓöÇΓöÇΓöÇΓöÇΓöÇΓöÇΓöÇ  
 [38;5;240m    Γöé[0m                                                                                                
                    
Γò░ΓöÇΓöÇΓöÇΓöÇΓöÇΓöÇΓöÇΓöÇΓöÇΓöÇΓöÇΓöÇΓöÇΓöÇΓöÇΓöÇΓöÇΓöÇΓöÇΓöÇΓöÇΓöÇΓöÇΓöÇΓöÇΓöÇΓöÇΓöÇΓöÇΓöÇΓöÇΓöÇΓöÇΓöÇ 
[38;5;246mΓöÇΓöÇΓöÇΓöÇΓöÇΓò»[0m

[31m[builtin:vite-transform] [0mUnterminated regular expression
     [38;5;246mΓò¡[0m[38;5;246mΓöÇ[0m[38;5;246m[[0m backup_php/contactus.tsx:989:6 [38;5;246m][0m
     [38;5;246mΓöé[0m
 [38;5;246m989 Γöé[0m [38;5;249m [0m[38;5;249m [0m[38;5;249m [0m[38;5;249m [0m[38;5;249m<[0m/>
 [38;5;240m    Γöé[0m      ΓöÇΓö¼ΓöÇ  
 [38;5;240m    Γöé[0m       Γò░ΓöÇΓöÇΓöÇ 
[38;5;246mΓöÇΓöÇΓöÇΓöÇΓöÇΓò»[0m

[31m[builtin:vite-transform] [0mExpected corresponding closing tag for JSX fragment.
     [38;5;246mΓò¡[0m[38;5;246mΓöÇ[0m[38;5;246m[[0m backup_php/contactus.tsx:987:3 [38;5;246m][0m
     [38;5;246mΓöé[0m
 [38;5;246m  5 Γöé[0m [38;5;249m [0m[38;5;249m [0m[38;5;249m [0m[38;5;249m [0m<>
 [38;5;240m    Γöé[0m     ΓöÇΓö¼  
 [38;5;240m    Γöé[0m      Γò░ΓöÇΓöÇ Opened here
 [38;5;240m    Γöé[0m 
 [38;5;246m987 Γöé[0m [38;5;249m<[0m[38;5;249m/[0mdiv[38;5;249m>[0m
 [38;5;240m    Γöé[0m   ΓöÇΓö¼ΓöÇ  
 [38;5;240m    Γöé[0m    Γò░ΓöÇΓöÇΓöÇ Expected `</>`
[38;5;246mΓöÇΓöÇΓöÇΓöÇΓöÇΓò»[0m

[31m[builtin:vite-transform] [0mUnexpected token. Did you mean `{'}'}` or `&rbrace;`?
   [38;5;246mΓò¡[0m[38;5;246mΓöÇ[0m[38;5;246m[[0m backup_php/coursev.tsx:8:5 [38;5;246m][0m
   [38;5;246mΓöé[0m
 [38;5;246m8 Γöé[0m [38;5;249m [0m[38;5;249m [0m[38;5;249m [0m[38;5;249m [0m[38;5;249m}[0m
 [38;5;240m  Γöé[0m     Γöé 
 [38;5;240m  Γöé[0m     Γò░ΓöÇ 
[38;5;246mΓöÇΓöÇΓöÇΓò»[0m

[31m[builtin:vite-transform] [0mUnexpected token. Did you mean `{'}'}` or `&rbrace;`?
     [38;5;246mΓò¡[0m[38;5;246mΓöÇ[0m[38;5;246m[[0m backup_php/course_video.tsx:299:1 [38;5;246m][0m
     [38;5;246mΓöé[0m
 [38;5;246m299 Γöé[0m [38;5;249m}[0m
 [38;5;240m    Γöé[0m Γöé 
 [38;5;240m    Γöé[0m Γò░ΓöÇ 
[38;5;246mΓöÇΓöÇΓöÇΓöÇΓöÇΓò»[0m

...[31m
    at aggregateBindingErrorsIntoJsError 
(file:///D:/download/node_modules/rolldown/dist/shared/error-BuvQYXuZ.mjs:48:18)
    at unwrapBindingResult (file:///D:/download/node_modules/rolldown/dist/shared/error-BuvQYXuZ.mjs:18:128)
    at #build (file:///D:/download/node_modules/rolldown/dist/shared/rolldown-build-CrPk_lZe.mjs:3246:34)
    at async buildEnvironment (file:///D:/download/node_modules/vite/dist/node/chunks/node.js:33253:64)
    at async Object.build (file:///D:/download/node_modules/vite/dist/node/chunks/node.js:33675:19)
    at async Object.buildApp (file:///D:/download/node_modules/vite/dist/node/chunks/node.js:33672:153)
    at async CAC.<anonymous> (file:///D:/download/node_modules/vite/dist/node/cli.js:777:3) {
  errors: [Getter/Setter]
}[39m
